node.exe : npm warn Unknown env config "devdir". This will stop working in the next major version of npm. See `npm 
help npmrc` for supported config options.
At line:1 char:1
+ & "C:\Program Files\nodejs/node.exe" "C:\Program Files\nodejs/node_mo ...
+ ~~~~~~~~~~~~~~~~~~~~~~~~~~~~~~~~~~~~~~~~~~~~~~~~~~~~~~~~~~~~~~~~~~~~~
    + CategoryInfo          : NotSpecified: (npm warn Unknow...config options.:String) [], RemoteException
    + FullyQualifiedErrorId : NativeCommandError
 

> globetravelvoyage-clean@0.1.0 build
> next build

Γû▓ Next.js 16.2.9 (Turbopack)

  Creating an optimized production build ...
Γ£ô Compiled successfully in 15.7s
  Running TypeScript ...
  Finished TypeScript in 14.3s ...
  Collecting page data using 11 workers ...
  Generating static pages using 11 workers (0/92) ...
  Generating static pages using 11 workers (23/92) 
  Generating static pages using 11 workers (46/92) 
  Generating static pages using 11 workers (69/92) 
Γ£ô Generating static pages using 11 workers (92/92) in 3.1s
  Finalizing page optimization ...

Route (app)
Γöî Γùï /
Γö£ Γùï /_not-found
Γö£ Γùï /about
Γö£ Γùï /account-type
Γö£ Γùï /account/update-password
Γö£ Γùï /admin/audit
Γö£ Γùï /admin/setup
Γö£ Γùï /agencies
Γö£ Γùï /agents
Γö£ Γùï /ai-document-checker
Γö£ Γùï /ai-flight-finder
Γö£ Γùï /ai-travel-assistant
Γö£ Γùï /ai-trip-planner
Γö£ Γùï /ai-visa-assistant
Γö£ ╞Æ /api/ai
Γö£ ╞Æ /api/receipt/[paymentId]
Γö£ ╞Æ /api/stripe/checkout
Γö£ ╞Æ /api/stripe/verify
Γö£ ╞Æ /api/stripe/webhook
Γö£ Γùï /auth/callback
Γö£ Γùï /booking/request
Γö£ Γùï /car-rentals
Γö£ Γùï /checkout
Γö£ ╞Æ /checkout/[planId]
Γö£ Γùï /checkout/canceled
Γö£ ╞Æ /checkout/success
Γö£ Γùï /contact
Γö£ Γùï /cruises
Γö£ Γùï /dashboard
Γö£ Γùï /dashboard/admin
Γö£ Γùï /dashboard/admin/payments
Γö£ Γùï /dashboard/agency
Γö£ Γùï /dashboard/agent
Γö£ Γùï /dashboard/customer
Γö£ Γùï /dashboard/guide
Γö£ Γùï /dashboard/host
Γö£ Γùï /dashboard/payouts
Γö£ Γùï /dashboard/profile
Γö£ Γùï /destinations
Γö£ Γùï /flights
Γö£ Γùï /forgot-password
Γö£ Γùï /guides
Γö£ Γùï /hotels
Γö£ Γùï /lead/contact
Γö£ Γùï /legal/cancellation
Γö£ Γùï /legal/cookies
Γö£ Γùï /legal/customer-terms
Γö£ Γùï /legal/disclaimer
Γö£ Γùï /legal/payment-terms
Γö£ Γùï /legal/privacy
Γö£ Γùï /legal/provider-terms
Γö£ Γùï /legal/refund
Γö£ Γùï /legal/terms
Γö£ Γùï /login
Γö£ Γùï /onboarding/agency
Γö£ Γùï /onboarding/agent
Γö£ Γùï /onboarding/customer
Γö£ Γùï /onboarding/guide
Γö£ Γùï /onboarding/host
Γö£ Γùï /payment-cancelled
Γö£ Γùï /payment-success
Γö£ Γùï /pricing
Γö£ Γùï /properties
Γö£ Γùï /properties/post
Γö£ Γùï /referrals
Γö£ Γùï /register
Γö£ Γùï /saved
Γö£ Γùï /search
Γö£ Γùï /services
Γö£ Γùï /support
Γö£ Γùï /tickets
Γö£ Γùï /tours
Γö£ Γùï /travel/dubai
Γö£ Γùï /travel/maldives
Γö£ Γùï /travel/saudi
Γö£ Γùï /travel/turkey
Γö£ Γùï /travel/uae
Γö£ Γùï /trip-planner
Γö£ Γùï /visa
Γö£ ΓùÅ /visa/[slug]
Γöé Γö£ /visa/usa-b1-b2
Γöé Γö£ /visa/usa-f1-student
Γöé Γö£ /visa/uk-standard-visitor
Γöé Γöö [+4 more paths]
Γö£ Γùï /visa/canada-from-india
Γö£ Γùï /visa/countries
Γö£ Γùï /visa/schengen-from-pakistan
Γö£ Γùï /visa/start
Γö£ Γùï /visa/uk-from-uae
Γö£ Γùï /visa/usa
Γöö Γùï /visa/usa-from-pakistan


╞Æ Proxy (Middleware)

Γùï  (Static)   prerendered as static content
ΓùÅ  (SSG)      prerendered as static HTML (uses generateStaticParams)
╞Æ  (Dynamic)  server-rendered on demand

